INFO:werkzeug: * Running on http://127.0.0.1:8080/ (Press CTRL+C to quit)
INFO:werkzeug: * Restarting with stat
WARNING:werkzeug: * Debugger is active!
INFO:werkzeug: * Debugger PIN: 293-268-551
INFO:werkzeug: * Running on http://127.0.0.1:8080/ (Press CTRL+C to quit)
INFO:werkzeug: * Restarting with stat
WARNING:werkzeug: * Debugger is active!
INFO:werkzeug: * Debugger PIN: 293-268-551
INFO:werkzeug: * Running on http://127.0.0.1:8080/ (Press CTRL+C to quit)
INFO:werkzeug: * Restarting with stat
WARNING:werkzeug: * Debugger is active!
INFO:werkzeug: * Debugger PIN: 293-268-551
INFO:werkzeug:127.0.0.1 - - [24/Sep/2019 10:14:47] "GET / HTTP/1.1" 200 -
INFO:werkzeug:127.0.0.1 - - [24/Sep/2019 10:14:47] "GET /static/css/style.css HTTP/1.1" 304 -
INFO:werkzeug:127.0.0.1 - - [24/Sep/2019 10:14:47] "GET /static/img/logo.jpg HTTP/1.1" 304 -
INFO:werkzeug:127.0.0.1 - - [24/Sep/2019 10:14:47] "GET /static/img/home-bg.jpg HTTP/1.1" 206 -
INFO:werkzeug:127.0.0.1 - - [24/Sep/2019 10:14:47] "GET /static/img/brownie.jpg HTTP/1.1" 206 -
INFO:werkzeug:127.0.0.1 - - [24/Sep/2019 10:14:47] "GET /static/img/pancakes-berries.jpg HTTP/1.1" 206 -
INFO:werkzeug:127.0.0.1 - - [24/Sep/2019 10:14:47] "GET /static/img/smoothie-berries.jpg HTTP/1.1" 206 -
INFO:werkzeug:127.0.0.1 - - [24/Sep/2019 10:14:47] "GET /static/img/cookbook-bg.jpg HTTP/1.1" 206 -
INFO:werkzeug:127.0.0.1 - - [24/Sep/2019 10:14:47] "GET /static/img/carrot-cake.jpg HTTP/1.1" 206 -
INFO:werkzeug:127.0.0.1 - - [24/Sep/2019 10:14:48] "GET /static/img/home-bg.jpg HTTP/1.1" 206 -
INFO:werkzeug:127.0.0.1 - - [24/Sep/2019 10:14:48] "GET /static/img/brownie.jpg HTTP/1.1" 206 -
INFO:werkzeug:127.0.0.1 - - [24/Sep/2019 10:14:48] "GET /static/img/pancakes-berries.jpg HTTP/1.1" 206 -
INFO:werkzeug:127.0.0.1 - - [24/Sep/2019 10:14:48] "GET /static/img/smoothie-berries.jpg HTTP/1.1" 206 -
INFO:werkzeug:127.0.0.1 - - [24/Sep/2019 10:14:48] "GET /static/img/cookbook-bg.jpg HTTP/1.1" 206 -
INFO:werkzeug:127.0.0.1 - - [24/Sep/2019 10:14:48] "GET /static/img/carrot-cake.jpg HTTP/1.1" 206 -
INFO:werkzeug:127.0.0.1 - - [24/Sep/2019 10:14:50] "GET / HTTP/1.1" 200 -
INFO:werkzeug:127.0.0.1 - - [24/Sep/2019 10:14:52] "GET /static/img/pancakes-berries.jpg HTTP/1.1" 206 -
INFO:werkzeug:127.0.0.1 - - [24/Sep/2019 10:14:52] "GET /static/img/home-bg.jpg HTTP/1.1" 206 -
INFO:werkzeug:127.0.0.1 - - [24/Sep/2019 10:14:53] "GET /static/img/brownie.jpg HTTP/1.1" 206 -
INFO:werkzeug:127.0.0.1 - - [24/Sep/2019 10:14:53] "GET /static/img/smoothie-berries.jpg HTTP/1.1" 206 -
INFO:werkzeug:127.0.0.1 - - [24/Sep/2019 10:14:53] "GET /static/img/cookbook-bg.jpg HTTP/1.1" 206 -
INFO:werkzeug:127.0.0.1 - - [24/Sep/2019 10:14:53] "GET /static/img/carrot-cake.jpg HTTP/1.1" 206 -
INFO:werkzeug:127.0.0.1 - - [24/Sep/2019 10:14:54] "GET /static/img/pancakes-berries.jpg HTTP/1.1" 206 -
INFO:werkzeug:127.0.0.1 - - [24/Sep/2019 10:14:54] "GET /static/img/home-bg.jpg HTTP/1.1" 206 -
INFO:werkzeug:127.0.0.1 - - [24/Sep/2019 10:14:54] "GET /static/img/carrot-cake.jpg HTTP/1.1" 206 -
INFO:werkzeug:127.0.0.1 - - [24/Sep/2019 10:14:54] "GET /static/img/smoothie-berries.jpg HTTP/1.1" 206 -
INFO:werkzeug:127.0.0.1 - - [24/Sep/2019 10:14:54] "GET /static/img/brownie.jpg HTTP/1.1" 206 -
INFO:werkzeug:127.0.0.1 - - [24/Sep/2019 10:14:54] "GET /static/img/cookbook-bg.jpg HTTP/1.1" 206 -
INFO:werkzeug:127.0.0.1 - - [24/Sep/2019 10:15:12] "GET /recipes HTTP/1.1" 200 -
INFO:werkzeug:127.0.0.1 - - [24/Sep/2019 10:15:14] "GET /static/img/categories/geography.jpg HTTP/1.1" 200 -
INFO:werkzeug:127.0.0.1 - - [24/Sep/2019 10:15:14] "GET /static/img/carousel/img3.jpg HTTP/1.1" 200 -
INFO:werkzeug:127.0.0.1 - - [24/Sep/2019 10:15:14] "GET /static/img/carousel/img2.jpg HTTP/1.1" 200 -
INFO:werkzeug:127.0.0.1 - - [24/Sep/2019 10:15:14] "GET /static/img/recipes-bg.jpg HTTP/1.1" 304 -
INFO:werkzeug:127.0.0.1 - - [24/Sep/2019 10:15:14] "GET /static/img/categories/meal.jpg HTTP/1.1" 206 -
INFO:werkzeug:127.0.0.1 - - [24/Sep/2019 10:15:14] "GET /static/img/categories/diet.jpg HTTP/1.1" 206 -
INFO:werkzeug:127.0.0.1 - - [24/Sep/2019 10:15:14] "GET /static/img/categories/occasion.jpg HTTP/1.1" 206 -
INFO:werkzeug:127.0.0.1 - - [24/Sep/2019 10:15:14] "GET /static/img/carousel/img1.jpg HTTP/1.1" 304 -
INFO:werkzeug:127.0.0.1 - - [24/Sep/2019 10:15:14] "GET /static/img/carousel/img4.jpg HTTP/1.1" 304 -
INFO:werkzeug:127.0.0.1 - - [24/Sep/2019 10:15:14] "GET /static/img/carousel/img5.jpg HTTP/1.1" 304 -
INFO:werkzeug:127.0.0.1 - - [24/Sep/2019 10:15:15] "GET /static/img/categories/occasion.jpg HTTP/1.1" 206 -
INFO:werkzeug:127.0.0.1 - - [24/Sep/2019 10:15:15] "GET /static/img/categories/meal.jpg HTTP/1.1" 206 -
INFO:werkzeug:127.0.0.1 - - [24/Sep/2019 10:15:15] "GET /static/img/categories/diet.jpg HTTP/1.1" 206 -
INFO:werkzeug:127.0.0.1 - - [24/Sep/2019 10:15:20] "GET /signup HTTP/1.1" 200 -
INFO:werkzeug:127.0.0.1 - - [24/Sep/2019 10:15:21] "GET /static/img/sign-up.jpg HTTP/1.1" 200 -
INFO:werkzeug:127.0.0.1 - - [24/Sep/2019 10:15:34] "POST /insert_user_account HTTP/1.1" 302 -
INFO:werkzeug:127.0.0.1 - - [24/Sep/2019 10:15:37] "GET /signup HTTP/1.1" 200 -
INFO:werkzeug:127.0.0.1 - - [24/Sep/2019 10:15:39] "GET /static/css/style.css HTTP/1.1" 304 -
INFO:werkzeug:127.0.0.1 - - [24/Sep/2019 10:15:40] "GET /static/img/logo.jpg HTTP/1.1" 304 -
INFO:werkzeug:127.0.0.1 - - [24/Sep/2019 10:15:41] "GET /static/img/sign-up.jpg HTTP/1.1" 200 -
INFO:werkzeug:127.0.0.1 - - [24/Sep/2019 10:16:30] "POST /insert_user_account HTTP/1.1" 302 -
INFO:werkzeug:127.0.0.1 - - [24/Sep/2019 10:16:30] "GET /signup HTTP/1.1" 200 -
INFO:werkzeug:127.0.0.1 - - [24/Sep/2019 10:17:33] "GET /recipes HTTP/1.1" 200 -
INFO:werkzeug:127.0.0.1 - - [24/Sep/2019 10:17:34] "GET /static/img/recipes-bg.jpg HTTP/1.1" 200 -
INFO:werkzeug:127.0.0.1 - - [24/Sep/2019 10:17:34] "GET /static/img/categories/meal.jpg HTTP/1.1" 200 -
INFO:werkzeug:127.0.0.1 - - [24/Sep/2019 10:17:34] "GET /static/img/categories/diet.jpg HTTP/1.1" 200 -
INFO:werkzeug:127.0.0.1 - - [24/Sep/2019 10:17:34] "GET /static/img/categories/geography.jpg HTTP/1.1" 200 -
INFO:werkzeug:127.0.0.1 - - [24/Sep/2019 10:17:34] "GET /static/img/categories/occasion.jpg HTTP/1.1" 200 -
INFO:werkzeug:127.0.0.1 - - [24/Sep/2019 10:17:34] "GET /static/img/carousel/img1.jpg HTTP/1.1" 200 -
INFO:werkzeug:127.0.0.1 - - [24/Sep/2019 10:18:23] "GET /static/img/carousel/img5.jpg HTTP/1.1" 200 -
INFO:werkzeug:127.0.0.1 - - [24/Sep/2019 10:20:21] "GET /static/img/carousel/img4.jpg HTTP/1.1" 200 -
INFO:werkzeug:127.0.0.1 - - [24/Sep/2019 10:21:04] "GET /static/img/carousel/img3.jpg HTTP/1.1" 200 -
INFO:werkzeug:127.0.0.1 - - [24/Sep/2019 10:21:22] "GET /static/img/carousel/img2.jpg HTTP/1.1" 200 -
INFO:werkzeug: * Detected change in '/home/ubuntu/environment/app.py', reloading
INFO:werkzeug: * Restarting with stat
WARNING: * Debugger is active!
INFO: * Debugger PIN: 293-268-551
INFO:127.0.0.1 - - [24/Sep/2019 10:28:39] "GET / HTTP/1.1" 200 -
INFO:127.0.0.1 - - [24/Sep/2019 10:28:39] "GET /static/img/home-bg.jpg HTTP/1.1" 206 -
INFO:127.0.0.1 - - [24/Sep/2019 10:28:39] "GET /static/img/pancakes-berries.jpg HTTP/1.1" 206 -
INFO:127.0.0.1 - - [24/Sep/2019 10:28:39] "GET /static/img/brownie.jpg HTTP/1.1" 206 -
INFO:127.0.0.1 - - [24/Sep/2019 10:28:39] "GET /static/img/cookbook-bg.jpg HTTP/1.1" 206 -
INFO:127.0.0.1 - - [24/Sep/2019 10:28:39] "GET /static/img/smoothie-berries.jpg HTTP/1.1" 206 -
INFO:127.0.0.1 - - [24/Sep/2019 10:28:39] "GET /static/img/carrot-cake.jpg HTTP/1.1" 206 -
INFO:127.0.0.1 - - [24/Sep/2019 10:28:39] "GET /static/img/cookbook-bg.jpg HTTP/1.1" 206 -
INFO:127.0.0.1 - - [24/Sep/2019 10:28:40] "GET /static/img/carrot-cake.jpg HTTP/1.1" 206 -
INFO:127.0.0.1 - - [24/Sep/2019 10:28:40] "GET /static/img/home-bg.jpg HTTP/1.1" 206 -
INFO:127.0.0.1 - - [24/Sep/2019 10:28:40] "GET /static/img/brownie.jpg HTTP/1.1" 206 -
INFO:127.0.0.1 - - [24/Sep/2019 10:28:40] "GET /static/img/smoothie-berries.jpg HTTP/1.1" 206 -
INFO:127.0.0.1 - - [24/Sep/2019 10:28:40] "GET /static/img/pancakes-berries.jpg HTTP/1.1" 206 -
INFO:127.0.0.1 - - [24/Sep/2019 10:28:41] "GET / HTTP/1.1" 200 -
INFO: * Detected change in '/home/ubuntu/environment/app.py', reloading
INFO:werkzeug: * Restarting with stat
WARNING: * Debugger is active!
INFO: * Debugger PIN: 293-268-551
INFO:127.0.0.1 - - [24/Sep/2019 10:29:54] "GET /recipes HTTP/1.1" 200 -
INFO:127.0.0.1 - - [24/Sep/2019 10:29:54] "GET /static/img/categories/meal.jpg HTTP/1.1" 206 -
INFO:127.0.0.1 - - [24/Sep/2019 10:29:54] "GET /static/img/categories/geography.jpg HTTP/1.1" 206 -
INFO:127.0.0.1 - - [24/Sep/2019 10:29:54] "GET /static/img/categories/occasion.jpg HTTP/1.1" 206 -
INFO:127.0.0.1 - - [24/Sep/2019 10:29:54] "GET /static/img/carousel/img3.jpg HTTP/1.1" 206 -
INFO:127.0.0.1 - - [24/Sep/2019 10:29:54] "GET /static/img/carousel/img2.jpg HTTP/1.1" 206 -
INFO:127.0.0.1 - - [24/Sep/2019 10:29:54] "GET /static/img/categories/geography.jpg HTTP/1.1" 206 -
INFO:127.0.0.1 - - [24/Sep/2019 10:29:54] "GET /static/img/carousel/img3.jpg HTTP/1.1" 206 -
INFO:127.0.0.1 - - [24/Sep/2019 10:29:54] "GET /static/img/carousel/img2.jpg HTTP/1.1" 206 -
INFO:127.0.0.1 - - [24/Sep/2019 10:29:54] "GET /static/img/categories/meal.jpg HTTP/1.1" 206 -
INFO:127.0.0.1 - - [24/Sep/2019 10:29:54] "GET /static/img/categories/occasion.jpg HTTP/1.1" 206 -
INFO:127.0.0.1 - - [24/Sep/2019 10:30:00] "GET /recipes/5d77b6c21c9d440000b2033c HTTP/1.1" 200 -
INFO:127.0.0.1 - - [24/Sep/2019 10:30:00] "GET /recipes/static/img/categories/meal/breakfast.jpg HTTP/1.1" 404 -
INFO:127.0.0.1 - - [24/Sep/2019 10:30:00] "GET /recipes/static/img/categories/meals/snack.jpg HTTP/1.1" 404 -
INFO:127.0.0.1 - - [24/Sep/2019 10:30:00] "GET /recipes/static/img/categories/meals/drink.jpg HTTP/1.1" 404 -
INFO:127.0.0.1 - - [24/Sep/2019 10:30:00] "GET /recipes/static/img/categories/meals/dessert.jpg HTTP/1.1" 404 -
INFO:127.0.0.1 - - [24/Sep/2019 10:30:00] "GET /recipes/static/img/carousel/img1.jpg HTTP/1.1" 404 -
INFO:127.0.0.1 - - [24/Sep/2019 10:30:00] "GET /recipes/static/img/carousel/img3.jpg HTTP/1.1" 404 -
INFO:127.0.0.1 - - [24/Sep/2019 10:30:00] "GET /recipes/static/img/carousel/img2.jpg HTTP/1.1" 404 -
INFO:127.0.0.1 - - [24/Sep/2019 10:30:00] "GET /recipes/static/img/carousel/img4.jpg HTTP/1.1" 404 -
INFO:127.0.0.1 - - [24/Sep/2019 10:30:00] "GET /recipes/static/img/carousel/img5.jpg HTTP/1.1" 404 -
INFO:127.0.0.1 - - [24/Sep/2019 10:30:25] "GET /recipes/5d77b6dc1c9d440000b2033e HTTP/1.1" 200 -
INFO:127.0.0.1 - - [24/Sep/2019 10:30:25] "GET /recipes/static/img/carousel/img1.jpg HTTP/1.1" 404 -
INFO:127.0.0.1 - - [24/Sep/2019 10:30:25] "GET /recipes/static/img/carousel/img3.jpg HTTP/1.1" 404 -
INFO:127.0.0.1 - - [24/Sep/2019 10:30:25] "GET /recipes/static/img/carousel/img2.jpg HTTP/1.1" 404 -
INFO:127.0.0.1 - - [24/Sep/2019 10:30:25] "GET /recipes/static/img/carousel/img4.jpg HTTP/1.1" 404 -
INFO:127.0.0.1 - - [24/Sep/2019 10:30:25] "GET /recipes/static/img/carousel/img5.jpg HTTP/1.1" 404 -
INFO:127.0.0.1 - - [24/Sep/2019 10:35:56] "GET /recipes HTTP/1.1" 200 -
INFO:127.0.0.1 - - [24/Sep/2019 10:35:56] "GET /static/css/style.css HTTP/1.1" 200 -
INFO:127.0.0.1 - - [24/Sep/2019 10:35:56] "GET /static/img/logo.jpg HTTP/1.1" 200 -
INFO:127.0.0.1 - - [24/Sep/2019 10:35:56] "GET /static/img/recipes-bg.jpg HTTP/1.1" 200 -
INFO:127.0.0.1 - - [24/Sep/2019 10:35:56] "GET /static/img/categories/meal.jpg HTTP/1.1" 200 -
INFO:127.0.0.1 - - [24/Sep/2019 10:35:56] "GET /static/img/categories/diet.jpg HTTP/1.1" 200 -
INFO:127.0.0.1 - - [24/Sep/2019 10:35:56] "GET /static/img/categories/geography.jpg HTTP/1.1" 200 -
INFO:127.0.0.1 - - [24/Sep/2019 10:35:56] "GET /static/img/categories/occasion.jpg HTTP/1.1" 200 -
INFO:127.0.0.1 - - [24/Sep/2019 10:35:56] "GET /static/img/carousel/img1.jpg HTTP/1.1" 200 -
INFO:127.0.0.1 - - [24/Sep/2019 10:35:56] "GET /static/img/carousel/img3.jpg HTTP/1.1" 200 -
INFO:127.0.0.1 - - [24/Sep/2019 10:35:56] "GET /static/img/carousel/img2.jpg HTTP/1.1" 200 -
INFO:127.0.0.1 - - [24/Sep/2019 10:35:56] "GET /static/img/carousel/img4.jpg HTTP/1.1" 200 -
INFO:127.0.0.1 - - [24/Sep/2019 10:35:56] "GET /static/img/carousel/img5.jpg HTTP/1.1" 200 -
INFO:127.0.0.1 - - [24/Sep/2019 10:37:19] "GET /about HTTP/1.1" 200 -
INFO:127.0.0.1 - - [24/Sep/2019 10:37:19] "GET /static/img/about/cookbook.jpg HTTP/1.1" 206 -
INFO:127.0.0.1 - - [24/Sep/2019 10:37:19] "GET /static/img/about-bg.jpg HTTP/1.1" 206 -
INFO:127.0.0.1 - - [24/Sep/2019 10:37:19] "GET /static/img/about/recipes.jpg HTTP/1.1" 206 -
INFO:127.0.0.1 - - [24/Sep/2019 10:37:19] "GET /static/img/about/sign-up.jpg HTTP/1.1" 206 -
INFO:127.0.0.1 - - [24/Sep/2019 10:37:19] "GET /static/img/about/cookbook.jpg HTTP/1.1" 206 -
INFO:127.0.0.1 - - [24/Sep/2019 10:37:19] "GET /static/img/about-bg.jpg HTTP/1.1" 206 -
INFO:127.0.0.1 - - [24/Sep/2019 10:37:19] "GET /static/img/about/recipes.jpg HTTP/1.1" 206 -
INFO:127.0.0.1 - - [24/Sep/2019 10:37:19] "GET /static/img/about/sign-up.jpg HTTP/1.1" 206 -
INFO:127.0.0.1 - - [24/Sep/2019 10:37:56] "GET /home HTTP/1.1" 200 -
INFO:127.0.0.1 - - [24/Sep/2019 10:37:56] "GET /static/img/home-bg.jpg HTTP/1.1" 200 -
INFO:127.0.0.1 - - [24/Sep/2019 10:37:56] "GET /static/img/brownie.jpg HTTP/1.1" 200 -
INFO:127.0.0.1 - - [24/Sep/2019 10:37:56] "GET /static/img/pancakes-berries.jpg HTTP/1.1" 200 -
INFO:127.0.0.1 - - [24/Sep/2019 10:37:56] "GET /static/img/smoothie-berries.jpg HTTP/1.1" 200 -
INFO:127.0.0.1 - - [24/Sep/2019 10:37:56] "GET /static/img/cookbook-bg.jpg HTTP/1.1" 200 -
INFO:127.0.0.1 - - [24/Sep/2019 10:37:56] "GET /static/img/carrot-cake.jpg HTTP/1.1" 200 -
INFO:127.0.0.1 - - [24/Sep/2019 10:38:49] "GET /home HTTP/1.1" 200 -
INFO:127.0.0.1 - - [24/Sep/2019 10:39:27] "GET /home HTTP/1.1" 200 -
INFO:127.0.0.1 - - [24/Sep/2019 10:40:01] "GET /login HTTP/1.1" 200 -
INFO:127.0.0.1 - - [24/Sep/2019 10:40:01] "GET /static/img/sign-up.jpg HTTP/1.1" 200 -
INFO:127.0.0.1 - - [24/Sep/2019 10:40:11] "GET /signup HTTP/1.1" 200 -
INFO:127.0.0.1 - - [24/Sep/2019 10:40:45] "GET /recipes HTTP/1.1" 200 -
INFO:127.0.0.1 - - [24/Sep/2019 10:41:39] "GET /recipes HTTP/1.1" 200 -
INFO:127.0.0.1 - - [24/Sep/2019 10:43:29] "GET /recipes HTTP/1.1" 200 -
INFO:127.0.0.1 - - [24/Sep/2019 10:43:57] "GET /recipes HTTP/1.1" 200 -
INFO:127.0.0.1 - - [24/Sep/2019 10:46:23] "GET /recipes HTTP/1.1" 200 -
INFO:127.0.0.1 - - [24/Sep/2019 10:46:31] "GET /recipes/5d77b6c21c9d440000b2033c HTTP/1.1" 200 -
INFO:127.0.0.1 - - [24/Sep/2019 10:46:31] "GET /recipes/static/img/categories/meal/breakfast.jpg HTTP/1.1" 404 -
INFO:127.0.0.1 - - [24/Sep/2019 10:46:31] "GET /recipes/static/img/categories/meals/snack.jpg HTTP/1.1" 404 -
INFO:127.0.0.1 - - [24/Sep/2019 10:46:31] "GET /recipes/static/img/categories/meals/drink.jpg HTTP/1.1" 404 -
INFO:127.0.0.1 - - [24/Sep/2019 10:46:31] "GET /recipes/static/img/categories/meals/dessert.jpg HTTP/1.1" 404 -
INFO:127.0.0.1 - - [24/Sep/2019 10:46:31] "GET /recipes/static/img/carousel/img3.jpg HTTP/1.1" 404 -
INFO:127.0.0.1 - - [24/Sep/2019 10:46:31] "GET /recipes/static/img/carousel/img1.jpg HTTP/1.1" 404 -
INFO:127.0.0.1 - - [24/Sep/2019 10:46:31] "GET /recipes/static/img/carousel/img2.jpg HTTP/1.1" 404 -
INFO:127.0.0.1 - - [24/Sep/2019 10:46:31] "GET /recipes/static/img/carousel/img4.jpg HTTP/1.1" 404 -
INFO:127.0.0.1 - - [24/Sep/2019 10:46:31] "GET /recipes/static/img/carousel/img5.jpg HTTP/1.1" 404 -
